Microchip MPLAB XC8 Compiler V2.40

Linker command line:

-W-3 \
  --edf=C:\Program Files\Microchip\xc8\v2.40\pic\dat\20220703182018_en.msgs \
  -cn -h+dist/default/debug\ServoMK4v1.0.X.debug.sym \
  --cmf=dist/default/debug\ServoMK4v1.0.X.debug.cmf -z -Q18F46K20 \
  -oC:\Users\Torben\AppData\Local\Temp\xcAs12rg.4 --defsym=__MPLAB_BUILD=1 \
  --fixupoverflow=error -Mdist/default/debug/ServoMK4v1.0.X.debug.map \
  --md=C:\Users\Torben\AppData\Local\Temp\xcAs12rg.dat -E1 \
  -ver=XC8 Compiler --acfsm=1493 -ACODE=00h-0FD2Fh -ACONST=00h-0FD2Fh \
  -ASMALLCONST=01000h-010FFhx237,0FD00h-0FD2Fh -AMEDIUMCONST=01000h-0FD2Fh \
  -ACOMRAM=01h-05Fh -AABS1=00h-0EF3h,0F00h-0F5Fh \
  -ABIGRAM=01h-0EF3h,0F00h-0F5Fh \
  -ARAM=060h-0FFh,0100h-01FFhx13,0E00h-0EF3h,0F00h-0F5Fh -ABANK0=060h-0FFh \
  -ABANK1=0100h-01FFh -ABANK2=0200h-02FFh -ABANK3=0300h-03FFh \
  -ABANK4=0400h-04FFh -ABANK5=0500h-05FFh -ABANK6=0600h-06FFh \
  -ABANK7=0700h-07FFh -ABANK8=0800h-08FFh -ABANK9=0900h-09FFh \
  -ABANK10=0A00h-0AFFh -ABANK11=0B00h-0BFFh -ABANK12=0C00h-0CFFh \
  -ABANK13=0D00h-0DFFh -ABANK14=0E00h-0EF3h -ABANK15=0F00h-0F5Fh \
  -ASFR=0F60h-0F9Bh,0F9Dh-0FD3h,0FD5h-0FDAh,0FE0h-0FE2h,0FE8h-0FEAh,0FF0h-0FFCh \
  -ABIGSFR=0F60h-0F9Bh,0F9Dh-0FD3h,0FD5h-0FDAh,0FE0h-0FE2h,0FE8h-0FEAh,0FF0h-0FFCh \
  -ACONFIG=0300000h-030000Dh -AIDLOC=0200000h-0200007h \
  -AEEDATA=0F00000h-0F003FFh -peeprom_data=EEDATA \
  -preset_vec=00h,intcode=08h,intcodelo,powerup,init -pramtop=01000h \
  -psmallconst=SMALLCONST -pmediumconst=MEDIUMCONST -pconst=CONST \
  -AFARRAM=00h-00h \
  -prdata=COMRAM,nvrram=COMRAM,nvbit=COMRAM,rbss=COMRAM,rbit=COMRAM \
  -pfarbss=FARRAM,fardata=FARRAM,nvFARRAM=FARRAM \
  -pintsave_regs=BIGRAM,bigbss=BIGRAM,bigdata=BIGRAM -pbss=RAM \
  -pidata=CODE,irdata=CODE,ibigdata=CODE,ifardata=CODE -prparam=COMRAM \
  C:\Users\Torben\AppData\Local\Temp\xcAs12rg.o \
  dist/default/debug\ServoMK4v1.0.X.debug.o 

Object code version is 3.11

Machine type is 18F46K20



                Name                               Link     Load   Length Selector   Space Scale
C:\Users\Torben\AppData\Local\Temp\xcAs12rg.o
                idloc                            200000   200000        8        0       5
                config                           300000   300000        E        0       4
                init                                 74       74        4        4       0
                reset_vec                             0        0        4        0       0
dist/default/debug\ServoMK4v1.0.X.debug.o
                intcode                               8        8       6C        4       0
                idloc                            200000   200000        8        0       5
                config                           300000   300000        E        0       4
                temp                                 17       17        1        1       1
                text19                              2BE      2BE        2        4       0
                text18                              192      192       30        4       0
                text17                              1C2      1C2       28        4       0
                text16                               D2       D2       54        4       0
                text15                              2BC      2BC        2        4       0
                text14                              126      126       3C        4       0
                text12                              276      276       14        4       0
                text11                              234      234       18        4       0
                text10                              2B8      2B8        4        4       0
                text9                               28A      28A        C        4       0
                text8                               2AA      2AA        A        4       0
                text7                               210      210       24        4       0
                text6                               2B4      2B4        4        4       0
                text5                               2A0      2A0        A        4       0
                text4                               162      162       30        4       0
                text3                               296      296        A        4       0
                text2                               1EA      1EA       26        4       0
                text1                               24C      24C       16        4       0
                text0                                78       78       5A        4       0
                cstackCOMRAM                          1        1        D        1       1
                bssCOMRAM                            14       14        3        1       1
                cinit                               262      262       14        4       0
                nvCOMRAM                              E        E        6        1       1

TOTAL           Name                               Link     Load   Length     Space
        CLASS   CODE           
                intcode                               8        8       6C         0
                init                                 74       74        4         0
                reset_vec                             0        0        4         0
                text19                              2BE      2BE        2         0
                text18                              192      192       30         0
                text17                              1C2      1C2       28         0
                text16                               D2       D2       54         0
                text15                              2BC      2BC        2         0
                text14                              126      126       3C         0
                text12                              276      276       14         0
                text11                              234      234       18         0
                text10                              2B8      2B8        4         0
                text9                               28A      28A        C         0
                text8                               2AA      2AA        A         0
                text7                               210      210       24         0
                text6                               2B4      2B4        4         0
                text5                               2A0      2A0        A         0
                text4                               162      162       30         0
                text3                               296      296        A         0
                text2                               1EA      1EA       26         0
                text1                               24C      24C       16         0
                text0                                78       78       5A         0
                cinit                               262      262       14         0

        CLASS   CONST          

        CLASS   SMALLCONST     

        CLASS   MEDIUMCONST    

        CLASS   COMRAM         
                temp                                 17       17        1         1
                cstackCOMRAM                          1        1        D         1
                bssCOMRAM                            14       14        3         1
                nvCOMRAM                              E        E        6         1

        CLASS   ABS1           

        CLASS   BIGRAM         

        CLASS   RAM            

        CLASS   BANK0          

        CLASS   BANK1          

        CLASS   BANK2          

        CLASS   BANK3          

        CLASS   BANK4          

        CLASS   BANK5          

        CLASS   BANK6          

        CLASS   BANK7          

        CLASS   BANK8          

        CLASS   BANK9          

        CLASS   BANK10         

        CLASS   BANK11         

        CLASS   BANK12         

        CLASS   BANK13         

        CLASS   BANK14         

        CLASS   BANK15         

        CLASS   SFR            

        CLASS   BIGSFR         

        CLASS   CONFIG         
                config                           300000   300000        E         4

        CLASS   IDLOC          
                idloc                            200000   200000        8         5

        CLASS   EEDATA         

        CLASS   FARRAM         

        CLASS   HEAP           

        CLASS   STACK          



SEGMENTS        Name                           Load    Length   Top    Selector   Space  Class

                reset_vec                      000000  000004  000004         0       0  CODE    
                cstackCOMRAM                   000001  000017  000018         1       1  COMRAM  
                intcode                        000008  0002B8  0002C0         4       0  CODE    


UNUSED ADDRESS RANGES

        Name                Unused          Largest block    Delta
        BANK0            000060-0000FF               A0
        BANK1            000100-0001FF              100
        BANK10           000A00-000AFF              100
        BANK11           000B00-000BFF              100
        BANK12           000C00-000CFF              100
        BANK13           000D00-000DFF              100
        BANK14           000E00-000EF3               F4
        BANK15           000F00-000F5F               60
        BANK2            000200-0002FF              100
        BANK3            000300-0003FF              100
        BANK4            000400-0004FF              100
        BANK5            000500-0005FF              100
        BANK6            000600-0006FF              100
        BANK7            000700-0007FF              100
        BANK8            000800-0008FF              100
        BANK9            000900-0009FF              100
        BIGRAM           000018-000EF3              EDC
                         000F00-000F5F               60
        BIGSFR           000F60-000F9B               3C
                         000F9D-000FD3               37
                         000FD5-000FDA                6
                         000FE0-000FE2                3
                         000FE8-000FEA                3
                         000FF0-000FFC                D
        CODE             000004-000007                4
                         0002C0-00FD2F             FA70
        COMRAM           000018-00005F               48
        CONST            000004-000007                4
                         0002C0-00FD2F             FA70
        EEDATA           F00000-F003FF              400
        MEDIUMCONST      001000-00FD2F             ED30
        RAM              000060-000EF3              100
                         000F00-000F5F               60
        SFR              000F60-000F9B               3C
                         000F9D-000FD3               37
                         000FD5-000FDA                6
                         000FE0-000FE2                3
                         000FE8-000FEA                3
                         000FF0-000FFC                D
        SMALLCONST       001000-00FD2F              100

                                  Symbol Table

?_ADC_GetConversionResult                 cstackCOMRAM 000008
ADC_SelectChannel@channel                 cstackCOMRAM 000009
ADC_SetInterruptHandler@InterruptHandler  cstackCOMRAM 000008
TMR1_SetInterruptHandler@InterruptHandler cstackCOMRAM 000008
TMR1_WriteTimer@timerVal                  cstackCOMRAM 000001
_ADCON0                                   (abs)        000FC2
_ADCON0bits                               (abs)        000FC2
_ADCON1                                   (abs)        000FC1
_ADCON2                                   (abs)        000FC0
_ADC_DefaultInterruptHandler              text19       0002BE
_ADC_GetConversionResult                  text12       000276
_ADC_ISR                                  text18       000192
_ADC_Initialize                           text7        000210
_ADC_InterruptHandler                     nvCOMRAM     00000E
_ADC_SelectChannel                        text11       000234
_ADC_SetInterruptHandler                  text8        0002AA
_ADC_StartConversion                      text10       0002B8
_ADC_TemperatureAcquisitionDelay          text9        00028A
_ADRESH                                   (abs)        000FC4
_ADRESL                                   (abs)        000FC3
_ANSEL                                    (abs)        000F7E
_ANSELH                                   (abs)        000F7F
_INTCON2bits                              (abs)        000FF1
_INTCONbits                               (abs)        000FF2
_INTERRUPT_Initialize                     text6        0002B4
_INTERRUPT_InterruptManager               intcode      000008
_LATA                                     (abs)        000F89
_LATB                                     (abs)        000F8A
_LATC                                     (abs)        000F8B
_LATD                                     (abs)        000F8C
_LATDbits                                 (abs)        000F8C
_LATE                                     (abs)        000F8D
_OSCCON                                   (abs)        000FD3
_OSCILLATOR_Initialize                    text5        0002A0
_OSCTUNE                                  (abs)        000F9B
_PIE1bits                                 (abs)        000F9D
_PIN_MANAGER_Initialize                   text4        000162
_PIR1bits                                 (abs)        000F9E
_RCONbits                                 (abs)        000FD0
_SYSTEM_Initialize                        text1        00024C
_T1CON                                    (abs)        000FCD
_T1CONbits                                (abs)        000FCD
_TMR1                                     (abs)        000FCE
_TMR1H                                    (abs)        000FCF
_TMR1L                                    (abs)        000FCE
_TMR1_DefaultInterruptHandler             text15       0002BC
_TMR1_ISR                                 text14       000126
_TMR1_Initialize                          text2        0001EA
_TMR1_InterruptHandler                    nvCOMRAM     000010
_TMR1_SetInterruptHandler                 text3        000296
_TMR1_WriteTimer                          text17       0001C2
_TRISA                                    (abs)        000F92
_TRISB                                    (abs)        000F93
_TRISC                                    (abs)        000F94
_TRISD                                    (abs)        000F95
_TRISE                                    (abs)        000F96
_WPUB                                     (abs)        000F7C
__HRAM                                    (abs)        000000
__Habs1                                   abs1         000000
__Hbank0                                  bank0        000000
__Hbank1                                  bank1        000000
__Hbank10                                 bank10       000000
__Hbank11                                 bank11       000000
__Hbank12                                 bank12       000000
__Hbank13                                 bank13       000000
__Hbank14                                 bank14       000000
__Hbank15                                 bank15       000000
__Hbank2                                  bank2        000000
__Hbank3                                  bank3        000000
__Hbank4                                  bank4        000000
__Hbank5                                  bank5        000000
__Hbank6                                  bank6        000000
__Hbank7                                  bank7        000000
__Hbank8                                  bank8        000000
__Hbank9                                  bank9        000000
__Hbigbss                                 bigbss       000000
__Hbigdata                                bigdata      000000
__Hbigram                                 bigram       000000
__Hbigsfr                                 bigsfr       000000
__Hbss                                    bss          000000
__HbssCOMRAM                              bssCOMRAM    000000
__Hcinit                                  cinit        000000
__Hclrtext                                clrtext      000000
__Hcomram                                 comram       000000
__Hconfig                                 config       30000E
__Hconst                                  const        000000
__HcstackCOMRAM                           cstackCOMRAM 000000
__Hdata                                   data         000000
__Heeprom_data                            eeprom_data  000000
__Hfarbss                                 farbss       000000
__Hfardata                                fardata      000000
__Hheap                                   heap         000000
__Hibigdata                               ibigdata     000000
__Hidata                                  idata        000000
__Hidloc                                  idloc        200008
__Hifardata                               ifardata     000000
__Hinit                                   init         000078
__Hintcode                                intcode      000074
__Hintcode_body                           intcode_body 000000
__Hintcodelo                              intcodelo    000074
__Hintentry                               intentry     000000
__Hintret                                 intret       000000
__Hintsave_regs                           intsave_regs 000000
__Hirdata                                 irdata       000000
__Hmediumconst                            mediumconst  000000
__HnvCOMRAM                               nvCOMRAM     000000
__HnvFARRAM                               nvFARRAM     000000
__Hnvbit                                  nvbit        000000
__Hnvrram                                 nvrram       000000
__Hparam                                  rparam       000000
__Hpowerup                                powerup      000074
__Hram                                    ram          000000
__Hramtop                                 ramtop       001000
__Hrbit                                   rbit         000000
__Hrbss                                   rbss         000000
__Hrdata                                  rdata        000000
__Hreset_vec                              reset_vec    000004
__Hrparam                                 rparam       000000
__Hsfr                                    sfr          000000
__Hsmallconst                             smallconst   000000
__Hspace_0                                (abs)        001000
__Hspace_1                                (abs)        000018
__Hspace_2                                (abs)        000000
__Hspace_4                                (abs)        60000E
__Hstack                                  stack        000000
__Hstruct                                 struct       000000
__Htemp                                   temp         000018
__Htext                                   text         000000
__Htext0                                  text0        000000
__Htext1                                  text1        000000
__Htext10                                 text10       000000
__Htext11                                 text11       000000
__Htext12                                 text12       000000
__Htext14                                 text14       000000
__Htext15                                 text15       000000
__Htext16                                 text16       000000
__Htext17                                 text17       000000
__Htext18                                 text18       000000
__Htext19                                 text19       000000
__Htext2                                  text2        000000
__Htext20                                 text20       000000
__Htext3                                  text3        000000
__Htext4                                  text4        000000
__Htext5                                  text5        000000
__Htext6                                  text6        000000
__Htext7                                  text7        000000
__Htext8                                  text8        000000
__Htext9                                  text9        000000
__LRAM                                    (abs)        000001
__Labs1                                   abs1         000000
__Lbank0                                  bank0        000000
__Lbank1                                  bank1        000000
__Lbank10                                 bank10       000000
__Lbank11                                 bank11       000000
__Lbank12                                 bank12       000000
__Lbank13                                 bank13       000000
__Lbank14                                 bank14       000000
__Lbank15                                 bank15       000000
__Lbank2                                  bank2        000000
__Lbank3                                  bank3        000000
__Lbank4                                  bank4        000000
__Lbank5                                  bank5        000000
__Lbank6                                  bank6        000000
__Lbank7                                  bank7        000000
__Lbank8                                  bank8        000000
__Lbank9                                  bank9        000000
__Lbigbss                                 bigbss       000000
__Lbigdata                                bigdata      000000
__Lbigram                                 bigram       000000
__Lbigsfr                                 bigsfr       000000
__Lbss                                    bss          000000
__LbssCOMRAM                              bssCOMRAM    000000
__Lcinit                                  cinit        000000
__Lclrtext                                clrtext      000000
__Lcomram                                 comram       000000
__Lconfig                                 config       000000
__Lconst                                  const        000000
__LcstackCOMRAM                           cstackCOMRAM 000000
__Ldata                                   data         000000
__Leeprom_data                            eeprom_data  000000
__Lfarbss                                 farbss       000000
__Lfardata                                fardata      000000
__Lheap                                   heap         000000
__Libigdata                               ibigdata     000000
__Lidata                                  idata        000000
__Lidloc                                  idloc        000000
__Lifardata                               ifardata     000000
__Linit                                   init         000074
__Lintcode                                intcode      000008
__Lintcode_body                           intcode_body 000000
__Lintcodelo                              intcodelo    000074
__Lintentry                               intentry     000000
__Lintret                                 intret       000000
__Lintsave_regs                           intsave_regs 000000
__Lirdata                                 irdata       000000
__Lmediumconst                            mediumconst  000000
__LnvCOMRAM                               nvCOMRAM     000000
__LnvFARRAM                               nvFARRAM     000000
__Lnvbit                                  nvbit        000000
__Lnvrram                                 nvrram       000000
__Lparam                                  rparam       000000
__Lpowerup                                powerup      000074
__Lram                                    ram          000000
__Lramtop                                 ramtop       001000
__Lrbit                                   rbit         000000
__Lrbss                                   rbss         000000
__Lrdata                                  rdata        000000
__Lreset_vec                              reset_vec    000000
__Lrparam                                 rparam       000000
__Lsfr                                    sfr          000000
__Lsmallconst                             smallconst   000000
__Lspace_0                                (abs)        000000
__Lspace_1                                (abs)        000000
__Lspace_2                                (abs)        000000
__Lspace_4                                (abs)        000000
__Lstack                                  stack        000000
__Lstruct                                 struct       000000
__Ltemp                                   temp         000017
__Ltext                                   text         000000
__Ltext0                                  text0        000000
__Ltext1                                  text1        000000
__Ltext10                                 text10       000000
__Ltext11                                 text11       000000
__Ltext12                                 text12       000000
__Ltext14                                 text14       000000
__Ltext15                                 text15       000000
__Ltext16                                 text16       000000
__Ltext17                                 text17       000000
__Ltext18                                 text18       000000
__Ltext19                                 text19       000000
__Ltext2                                  text2        000000
__Ltext20                                 text20       000000
__Ltext3                                  text3        000000
__Ltext4                                  text4        000000
__Ltext5                                  text5        000000
__Ltext6                                  text6        000000
__Ltext7                                  text7        000000
__Ltext8                                  text8        000000
__Ltext9                                  text9        000000
__S0                                      (abs)        0002C0
__S1                                      (abs)        000018
__S4                                      (abs)        000000
__S5                                      (abs)        000000
___heap_hi                                (abs)        000000
___heap_lo                                (abs)        000000
___inthi_sp                               stack        000000
___intlo_sp                               stack        000000
___param_bank                             (abs)        000000
___rparam_used                            (abs)        000001
___sp                                     stack        000000
__accesstop                               (abs)        000060
__activetblptr                            (abs)        000002
__end_of_ADC_DefaultInterruptHandler      text19       0002C0
__end_of_ADC_GetConversionResult          text12       00028A
__end_of_ADC_ISR                          text18       0001C2
__end_of_ADC_Initialize                   text7        000234
__end_of_ADC_SelectChannel                text11       00024C
__end_of_ADC_SetInterruptHandler          text8        0002B4
__end_of_ADC_StartConversion              text10       0002BC
__end_of_ADC_TemperatureAcquisitionDelay  text9        000296
__end_of_INTERRUPT_Initialize             text6        0002B8
__end_of_INTERRUPT_InterruptManager       intcode      000074
__end_of_OSCILLATOR_Initialize            text5        0002AA
__end_of_PIN_MANAGER_Initialize           text4        000192
__end_of_SYSTEM_Initialize                text1        000262
__end_of_TMR1_DefaultInterruptHandler     text15       0002BE
__end_of_TMR1_ISR                         text14       000162
__end_of_TMR1_Initialize                  text2        000210
__end_of_TMR1_SetInterruptHandler         text3        0002A0
__end_of_TMR1_WriteTimer                  text17       0001EA
__end_of__initialization                  cinit        000268
__end_of_main                             text0        0000D2
__end_of_myServoISR                       text16       000126
__initialization                          cinit        000262
__mediumconst                             mediumconst  000000
__pbssCOMRAM                              bssCOMRAM    000014
__pcinit                                  cinit        000262
__pcstackCOMRAM                           cstackCOMRAM 000001
__pintcode                                intcode      000008
__pnvCOMRAM                               nvCOMRAM     00000E
__ptext0                                  text0        000078
__ptext1                                  text1        00024C
__ptext10                                 text10       0002B8
__ptext11                                 text11       000234
__ptext12                                 text12       000276
__ptext14                                 text14       000126
__ptext15                                 text15       0002BC
__ptext16                                 text16       0000D2
__ptext17                                 text17       0001C2
__ptext18                                 text18       000192
__ptext19                                 text19       0002BE
__ptext2                                  text2        0001EA
__ptext20                                 text20       000000
__ptext3                                  text3        000296
__ptext4                                  text4        000162
__ptext5                                  text5        0002A0
__ptext6                                  text6        0002B4
__ptext7                                  text7        000210
__ptext8                                  text8        0002AA
__ptext9                                  text9        00028A
__ramtop                                  ramtop       001000
__smallconst                              smallconst   000000
_adc_wert                                 bssCOMRAM    000014
_main                                     text0        000078
_myServoISR                               text16       0000D2
_servocounter                             bssCOMRAM    000016
_timer1ReloadVal                          nvCOMRAM     000012
btemp                                     temp         000017
end_of_initialization                     cinit        000268
int$flags                                 temp         000017
intlevel0                                 text         000000
intlevel1                                 text         000000
intlevel2                                 text         000000
intlevel3                                 text         000000
isa$std                                   (abs)        000001
isa$xinst                                 (abs)        000000
myServoISR@i                              cstackCOMRAM 000004
stackhi                                   (abs)        000000
stacklo                                   (abs)        000000
start                                     init         000074
start_initialization                      cinit        000262
ttemp5                                    temp         000018
ttemp6                                    temp         00001B
ttemp7                                    temp         00001F
wtemp8                                    temp         000018


MODULE INFORMATION

Module		Function		Class		Link	Load	Size
mcc_generated_files/interrupt_manager.c
		_INTERRUPT_Initialize		CODE           	02B4	0000	4
		_INTERRUPT_InterruptManager		CODE           	0008	0000	108

mcc_generated_files/interrupt_manager.c estimated size: 112

mcc_generated_files/pin_manager.c
		_PIN_MANAGER_Initialize		CODE           	0162	0000	48

mcc_generated_files/pin_manager.c estimated size: 48

mcc_generated_files/adc.c
		_ADC_DefaultInterruptHandler		CODE           	02BE	0000	2
		_ADC_Initialize		CODE           	0210	0000	36
		_ADC_TemperatureAcquisitionDelay		CODE           	028A	0000	12
		_ADC_SetInterruptHandler		CODE           	02AA	0000	10
		_ADC_GetConversionResult		CODE           	0276	0000	20
		_ADC_StartConversion		CODE           	02B8	0000	4
		_ADC_ISR       		CODE           	0192	0000	48
		_ADC_SelectChannel		CODE           	0234	0000	24

mcc_generated_files/adc.c estimated size: 156

shared
		__initialization		CODE           	0262	0000	6

shared estimated size: 6

mcc_generated_files/mcc.c
		_OSCILLATOR_Initialize		CODE           	02A0	0000	10
		_SYSTEM_Initialize		CODE           	024C	0000	22

mcc_generated_files/mcc.c estimated size: 32

mcc_generated_files/tmr1.c
		_TMR1_Initialize		CODE           	01EA	0000	38
		_TMR1_SetInterruptHandler		CODE           	0296	0000	10
		_TMR1_DefaultInterruptHandler		CODE           	02BC	0000	2
		_TMR1_WriteTimer		CODE           	01C2	0000	40
		_TMR1_ISR      		CODE           	0126	0000	60

mcc_generated_files/tmr1.c estimated size: 150

main.c
		_main          		CODE           	0078	0000	90
		_myServoISR    		CODE           	00D2	0000	84

main.c estimated size: 174

